<?xml version="1.0" encoding="UTF-8"?>
<testsuites name="jest tests" tests="15" failures="0" errors="0" time="0.866">
  <testsuite name="parseMagentoProductCsv" errors="0" failures="0" skipped="0" timestamp="2025-06-07T17:35:59" time="0.53" tests="5">
    <testcase classname="parseMagentoProductCsv parses simple CSV with sku and name" name="parseMagentoProductCsv parses simple CSV with sku and name" time="0.033">
    </testcase>
    <testcase classname="parseMagentoProductCsv returns no products for empty CSV" name="parseMagentoProductCsv returns no products for empty CSV" time="0">
    </testcase>
    <testcase classname="parseMagentoProductCsv handles CSV with only headers" name="parseMagentoProductCsv handles CSV with only headers" time="0">
    </testcase>
    <testcase classname="parseMagentoProductCsv parses CSV with special characters in fields" name="parseMagentoProductCsv parses CSV with special characters in fields" time="0.002">
    </testcase>
    <testcase classname="parseMagentoProductCsv parses multiple products" name="parseMagentoProductCsv parses multiple products" time="0.003">
    </testcase>
  </testsuite>
  <testsuite name="cn" errors="0" failures="0" skipped="0" timestamp="2025-06-07T17:36:00" time="0.049" tests="6">
    <testcase classname="cn merges class names, removing duplicates" name="cn merges class names, removing duplicates" time="0.005">
    </testcase>
    <testcase classname="cn returns empty string for no arguments" name="cn returns empty string for no arguments" time="0.001">
    </testcase>
    <testcase classname="cn handles single class name" name="cn handles single class name" time="0">
    </testcase>
    <testcase classname="cn ignores empty strings, null, and undefined" name="cn ignores empty strings, null, and undefined" time="0.001">
    </testcase>
    <testcase classname="cn handles falsy values like false and 0" name="cn handles falsy values like false and 0" time="0">
    </testcase>
    <testcase classname="cn handles array of class names if supported" name="cn handles array of class names if supported" time="0.001">
    </testcase>
  </testsuite>
  <testsuite name="generateShopifyCustomerCsv" errors="0" failures="0" skipped="0" timestamp="2025-06-07T17:36:00" time="0.05" tests="4">
    <testcase classname="generateShopifyCustomerCsv creates CSV with expected headers and values" name="generateShopifyCustomerCsv creates CSV with expected headers and values" time="0.001">
    </testcase>
    <testcase classname="generateShopifyCustomerCsv returns only headers when given an empty array" name="generateShopifyCustomerCsv returns only headers when given an empty array" time="0">
    </testcase>
    <testcase classname="generateShopifyCustomerCsv handles special characters in fields" name="generateShopifyCustomerCsv handles special characters in fields" time="0.001">
    </testcase>
    <testcase classname="generateShopifyCustomerCsv outputs the exact expected header row" name="generateShopifyCustomerCsv outputs the exact expected header row" time="0">
    </testcase>
  </testsuite>
</testsuites>